// Jest Snapshot v1, https://goo.gl/fbAQLP

exports[`works 1`] = `
<Test>
  <p>
    Test
  </p>
</Test>
------------HTML PREVIEW---------------
<Test>
  <p>
    Test
  </p>
</Test>
`;
